/Users/harukayamada/.zshrc:1: no such file or directory: evalexport HOMEBREW_PREFIX="/opt/homebrew";\nexport HOMEBREW_CELLAR="/opt/homebrew/Cellar";\nexport HOMEBREW_REPOSITORY="/opt/homebrew";\nexport PATH="/opt/homebrew/bin:/opt/homebrew/sbin${PATH+:$PATH}";\nexport MANPATH="/opt/homebrew/share/man${MANPATH+:$MANPATH}:";\nexport INFOPATH="/opt/homebrew/share/info:${INFOPATH:-}";
harukayamada@yamadaharukanoMacBook-Pro Socialtech % cd
harukayamada@yamadaharukanoMacBook-Pro ~ % cd desktop
harukayamada@yamadaharukanoMacBook-Pro desktop % cd Git_lesson
harukayamada@yamadaharukanoMacBook-Pro Git_lesson % cd git_challenge
harukayamada@yamadaharukanoMacBook-Pro git_challenge % git init
Initialized empty Git repository in /Users/harukayamada/Desktop/Git_lesson/git_challenge/.git/
harukayamada@yamadaharukanoMacBook-Pro git_challenge % echo >> hello_world.txt
harukayamada@yamadaharukanoMacBook-Pro git_challenge % git add .
harukayamada@yamadaharukanoMacBook-Pro git_challenge % git commit -m "hello_world.txt を追加"
[main (root-commit) bc96e07] hello_world.txtを追加
 1 file changed, 3 insertions(+)
 create mode 100644 hello_world.txt
harukayamada@yamadaharukanoMacBook-Pro git_challenge % git add .
harukayamada@yamadaharukanoMacBook-Pro git_challenge % git commit -m "日本語訳を追記"
[main 39be3db] 日本語訳を追記
 1 file changed, 1 insertion(+), 1 deletion(-)
harukayamada@yamadaharukanoMacBook-Pro git_challenge % git log --oneline
39be3db (HEAD -> main) 日本語訳を追記
bc96e07 hello_world.txtを追加
harukayamada@yamadaharukanoMacBook-Pro git_challenge % 